exports[`test Report unused type definition 1`] = `
Array [
  Object {
    "locations": Array [
      Object {
        "column": 5,
        "line": 6,
        "path": "GraphQL",
      },
    ],
    "message": "Unused type definition \'X\' (NoUnusedTypeDefinition)",
    "severity": "warn",
  },
  Object {
    "locations": Array [
      Object {
        "column": 5,
        "line": 10,
        "path": "GraphQL",
      },
    ],
    "message": "Unused type definition \'B\' (NoUnusedTypeDefinition)",
    "severity": "warn",
  },
]
`;

exports[`test throw error if rules packages is unknown 1`] = `"unknown validate extends \'some_unknown_package\' available [gql-rules-schema]"`;
