// Jest Snapshot v1, https://goo.gl/fbAQLP

exports[`findRefs should return all references of token at given position 1`] = `
Array [
  Object {
    "end": Object {
      "column": 23,
      "line": 3,
    },
    "path": "/tmp/gql-test/e8fdbce663998f81111a1a6abdb061fbf9209d64/schema/schema.gql",
    "start": Object {
      "column": 17,
      "line": 3,
    },
  },
  Object {
    "end": Object {
      "column": 18,
      "line": 6,
    },
    "path": "/tmp/gql-test/e8fdbce663998f81111a1a6abdb061fbf9209d64/schema/schema.gql",
    "start": Object {
      "column": 12,
      "line": 6,
    },
  },
]
`;
