// Jest Snapshot v1, https://goo.gl/fbAQLP

exports[`should not report for KnownFragmentNames 1`] = `Array []`;
