// Jest Snapshot v1, https://goo.gl/fbAQLP

exports[`parser: allow fragment interpolation 1`] = `Array []`;

exports[`parser: allow fragments without name 1`] = `Array []`;

exports[`parser: only allow interpolation inside fragments 1`] = `
Array [
  Object {
    "locations": Array [
      Object {
        "column": 3,
        "line": 7,
        "path": "/tmp/gql-test/84bdd9397bc3f3b1a31ae96abfefe34efee01521/query/test.js",
      },
    ],
    "message": "Syntax Error: Unexpected $",
    "severity": "error",
  },
]
`;
